TTTTTTTTTTTTTTTTTTTTTTTTTTTTTTTTTTTTTTTTTTTTTTTTTTTTTTTTTTTT
T,,,,,,T,,,,,,,T,,,,,,,,,,T,,,,,,T,,,,,,,,,,T,,,,,,,,,,,,,,T
T,,T,,,,,,,,,,,,,,,T,,,,,,,,,,,,,,,,T,,,,,,,,,,,,,,,T,,,,,,T
T,,,,,,,,,,T,,,,,,,,,,,,,,,,,@,,,,,,,,,,,,,,,,,,T,,,,,,,,,,T
T,,,,T,,,,,,,,,,,,,,,,,T,,,,,,,,,,,,,,,,T,,,,,,,,,,,,,,,T,,T
T,,,,,,,,,,,,T,,,,,,,,,,,,,,,,,,,,,,,,,,,,,,,,T,,,,,,,T,,,,T
#############################E##############################
#############################s##############################
######...*...################s###########*................$#
######.$...$.################s###########..................#
######.......################s###RRR#####...#...#...#...#..#
######x....a.######..........o..........#..................#
#######v#%#v###v###.a......p...x........#.............G....#
#####...........o.D.....#.........#.....D.o................#
#####.###3#########.....................#...#...#...#...#..#
#####.#############....m............m...#..................#
#####.#############...x...............*.#..................#
#####.#######################D###########..................#
#####^#######################.###########...#...#...#...#..#
#####.##############.*........................m............#
#####.##############...................o.................a.#
#####.##############~~~~~~~~~~~~~~~~~~...#########D#########
#####.##############~~~~~~~~~~~~~~~~~~...#########.#O#######
#####.##############~~~~~~~~~~~~~~~~~~...####2####^#.#######
#####.##############~~~~h.~~~~~~~~~~~~...#.......#.#.#######
##.............#####~~~~..~~~~f~~~~~~~...#.......#...#######
##..o........*.#####~~~~~~~~~~~~~~~~~~...#...F...###.#######
##.............#####~~~~~~~~~~~~~~~~~~...J.......###.#######
##::::::c::::::#####~~~~~~~~~~~~~~~~~~...#.......###.#######
##::::::=::::::#####~~~~~~f~~~~~~~~~~~...#.x...t.###_#######
##::::::=::::::#####~~~~~~~~~~~~f~~~~~...#.......###.#######
##::::::=::::::#####~~~~~~~~~~~~~~~~~~...###########.#######
##::::::=::::::#####~~~~~~~~~~~~~~~~.....###########.#######
##::::::=::::::######~##############.###############.#######
##::::::=::::::######~~~~~~~~#######.##########*.........###
##::::::=::::::######~~~~~~~~#######.##########........m.###
##.............######~~~~~~i~#######.##########.k........###
##.............######~~~~~~~~#######|##l#######.........a###
########D#######################.............###############
##......o......######..........#...........m.###############
##.b..........*######...m......#....G........######........#
##...#.....m...######..........1.....#.....#.######......i.#
##...#.........####4#.....m....#........X....######.....m..#
##........##...D....B.o........W.o...........######.t......#
##....m......a.##5+Z#....x.....#.....#.....#.######........#
##.............###+##.......m..#...m......G..######....m...#
##################$##.a......*.#.............######.a......#
############################################################
